// Jest Snapshot v1, https://goo.gl/fbAQLP

exports[`<CartItem/> renders correctly 1`] = `undefined`;
